[backblue.gif]
[fade.gif]
[index.html]
[compihost.net/index.html]
[compihost.net/web/img/logocom.gif]
[compihost.net/web/js/jquery.js]
[compihost.net/web/js/jquery.easing.1.3.js]
[compihost.net/web/js/sexylightbox.v2.3.jquery.js]
[compihost.net/web/img/home.png]
[compihost.net/web/img/empresa.png]
[compihost.net/web/img/portafolio_icon.png]
[compihost.net/web/img/contacto.png]
[compihost.net/web/img/menu_amarillo.png]
[compihost.net/web/img/tablet.jpg]
[compihost.net/web/diapo/images/thumbs/megamind1048.jpg]
[compihost.net/web/diapo/images/slides/b1.jpg]
[compihost.net/web/diapo/images/thumbs/ratatouille2.jpg]
[compihost.net/web/diapo/images/slides/b3.jpg]
[compihost.net/web/img/l1.jpg]
[compihost.net/web/img/l2.jpg]
[compihost.net/web/img/l3.jpg]
[compihost.net/web/img/l4.jpg]
[compihost.net/web/img/soporte2.jpg]
[compihost.net/web/img/anuncio7.jpg]
[compihost.net/web/img/anuncio8.jpg]
[compihost.net/web/img/anuncio11.jpg]
[compihost.net/web/img/anuncio12.jpg]
[compihost.net/web/diapo/scripts/jquery.min.js]
[compihost.net/web/diapo/scripts/jquery.mobile-1.0rc2.customized.min.js]
[compihost.net/web/diapo/scripts/jquery.easing.1.3.js]
[compihost.net/web/diapo/scripts/jquery.hoverIntent.minified.js]
[compihost.net/web/diapo/scripts/diapo.js]
[compihost.net/soluciones/chat_compihost/images/boton-consulta.png]
[compihost.net/soluciones/chat_compihost/images/cerrar.png]
[compihost.net/soluciones/chat_compihost/images/haz-click.png]
[compihost.net/soluciones/chat_compihost/images/pointer.png]
[compihost.net/web/index.html]
[compihost.net/web/img/caja.png]
[compihost.net/web/img/caja_500.png]
[compihost.net/web/img/caja_200.png]
[compihost.net/web/img/oferta3.png]
[compihost.net/web/css/estilos.css]
[compihost.net/web/sexylightbox.html]
[compihost.net/web/css/sexylightbox.css]
[compihost.net/web/meebo.html]
[compihost.net/web/index-2.html]
[compihost.net/web/img/nosotros.jpg]
[compihost.net/web/nosotros.html]
[compihost.net/web/Rutinas/galeria/js/jquery.min.js]
[compihost.net/web/Rutinas/galeria/js/jquery.prettyPhoto.js]
[compihost.net/web/plantillas/kalgo.jpg]
[compihost.net/web/plantillas/tmp/tmp_kalgo.jpg]
[compihost.net/web/plantillas/energieperu.jpg]
[compihost.net/web/plantillas/tmp/tmp_energieperu.jpg]
[compihost.net/web/plantillas/villa-chicken.jpg]
[compihost.net/web/plantillas/tmp/tmp_villa-chicken.jpg]
[compihost.net/web/plantillas/insumex.jpg]
[compihost.net/web/plantillas/tmp/insumex.jpg]
[compihost.net/web/plantillas/ecomin.jpg]
[compihost.net/web/plantillas/tmp/tmp_ecomin.jpg]
[compihost.net/web/plantillas/fukuda.jpg]
[compihost.net/web/plantillas/tmp/fukuda.jpg]
[compihost.net/web/plantillas/novare.jpg]
[compihost.net/web/plantillas/tmp/novare.jpg]
[compihost.net/web/plantillas/mosan.jpg]
[compihost.net/web/plantillas/tmp/mosan.jpg]
[compihost.net/web/plantillas/ferias_peru.jpg]
[compihost.net/web/plantillas/tmp/tmp_ferias_peru.jpg]
[compihost.net/web/portafolio.html]
[compihost.net/web/js/functions.js]
[compihost.net/web/js/ghostText.js]
[compihost.net/web/js/growingTextArea.js]
[compihost.net/web/js/val_for.js]
[compihost.net/web/jquery-1.3.min.js]
[compihost.net/web/contactenos.html]
[compihost.net/mails/images/b1.jpg]
[www.compihost.net/web/img/circulo.png]
[compihost.net/web/img/s1.png]
[compihost.net/mails/images/s8.jpg]
[compihost.net/mails/images/s7.jpg]
[compihost.net/mails/images/s10.jpg]
[compihost.net/mails/images/s5.jpg]
[compihost.net/mails/images/s2.jpg]
[compihost.net/mails/images/s9.jpg]
[compihost.net/mails/images/s13.jpg]
[compihost.net/mails/images/s14.jpg]
[compihost.net/mails/images/s15.jpg]
[compihost.net/mails/images/s16.jpg]
[compihost.net/mails/images/s17.jpg]
[compihost.net/mails/images/btn_video.png]
[compihost.net/mails/images/btn_catalogo.png]
[compihost.net/mails/images/btn_sorteo.png]
[compihost.net/mails/images/btn_facebook.png]
[compihost.net/mails/images/experiencia.png]
[compihost.net/mails/images/p1.jpg]
[compihost.net/mails/images/p2.jpg]
[compihost.net/mails/images/p3.jpg]
[compihost.net/mails/images/p4.jpg]
[compihost.net/mails/images/icn_info.png]
[compihost.net/mails/images/icn_serv.png]
[compihost.net/mails/images/icn_material.png]
[compihost.net/mails/images/icn_foto.png]
[compihost.net/mails/images/icn_reso.png]
[compihost.net/web/promociones.html]
[compihost.net/web/img/hosting.jpg]
[compihost.net/web/hosting.html]
[compihost.net/web/js/web.js]
[compihost.net/mails/images/check.png]
[compihost.net/mails/images/laptor_2.png]
[compihost.net/mails/images/mype1.jpg]
[compihost.net/mails/images/MyPE-02.jpg]
[compihost.net/web/tipo_web/STANDARD-1_01.jpg]
[compihost.net/mails/images/standar-2.jpg]
[compihost.net/mails/images/premier-1.jpg]
[compihost.net/mails/images/premier-2.png]
[compihost.net/web/soluciones_web.html]
[compihost.net/web/img/optimizacion.gif]
[compihost.net/web/e_marketing.html]
[compihost.net/web/img/imagen-soporte-remoto.jpg]
[compihost.net/web/img/sopt_ventas.gif]
[compihost.net/web/img/arroba.png]
[compihost.net/web/img/sopt_soporte.gif]
[compihost.net/web/img/soporte.jpg]
[compihost.net/web/soporte.html]
[compihost.net/web/promociones-2.html]
[compihost.net/web/web_hosting.html]
[compihost.net/web/img/sop2.jpg]
[compihost.net/web/img/sop3.jpg]
[compihost.net/web/img/sop1.jpg]
[compihost.net/web/img/servicio_tecnico.png]
[compihost.net/web/soporte_pc.html]
[compihost.net/web/soluciones_web-2.html]
[compihost.net/web/js/val_notificar.js]
[compihost.net/web/form_notificarb04c.html]
[compihost.net/web/js/val_cotizar.js]
[compihost.net/web/form_soporte9f03.html]
[compihost.net/web/soporte-2.html]
[compihost.net/web/img/nuestra_tecnologia.jpg]
[compihost.net/web/nuestra_tecnologia.html]
[compihost.net/web/img/preguntas.jpg]
[compihost.net/web/preguntas_frecuentes.html]
[compihost.net/web/politicas_servicio.html]
[compihost.net/web/terminos_condiciones.html]
[compihost.net/web/diapo/images/diapo/prev.png]
[compihost.net/web/diapo/images/diapo/next.png]
[compihost.net/web/diapo/images/diapo/play.png]
[compihost.net/web/diapo/images/diapo/pause.png]
[compihost.net/web/diapo/diapo.css]
[compihost.net/soluciones/chat_compihost/images/favicon.ico]
[compihost.net/web/img/logo.png]
[compihost.net/soluciones/chat_compihost/images/free.gif]
[compihost.net/soluciones/chat_compihost/client7038.html]
[compihost.net/soluciones/chat_compihost/client6806.html]
[compihost.net/adm/index.html]
[compihost.net/wp-admin/index.html]
[compihost.net/web/img/menu9.png]
[compihost.net/web/img/menu_amarillo_oscuro.png]
[compihost.net/web/img/menu2.png]
[compihost.net/web/img/menu8.jpg]
[compihost.net/web/img/detalle.png]
[compihost.net/web/img/logo_blanco.png]
[compihost.net/web/img/vertical.png]
[compihost.net/web/img/vertical_arriba.png]
[compihost.net/web/img/verticla_abajo.png]
[compihost.net/web/img/link10_arriba.png]
[compihost.net/web/img/link10_abajo.png]
[compihost.net/web/img/dominio_nube.png]
[compihost.net/web/img/btitulo.jpg]
[compihost.net/web/img/btm_amarillo.png]
[compihost.net/web/img/btn_plantilla.png]
[www.compihost.net/mails/images/laptop.jpg]
[compihost.net/web/img/marco.png]
[compihost.net/web/css/diagramacion.css]
[compihost.net/web/css/css.css]
[compihost.net/web/img/pagar.gif]
[compihost.net/web/img/formas_de_pagos.jpg]
[compihost.net/web/img/logo_bcp.gif]
[compihost.net/web/img/logo_interbank.gif]
[compihost.net/web/img/logobnacion.jpg]
[compihost.net/web/img/logo_bbva.jpg]
[compihost.net/web/img/logo_paypal.gif]
[compihost.net/web/img/logo_money_gram.gif]
[compihost.net/web/img/logo_westernunion.gif]
[compihost.net/web/formas_pago.html]
[compihost.net/web/Rutinas/jquery.js]
[compihost.net/web/js_ajax.js]
[compihost.net/web/cotizar9f03.html]
[compihost.net/web/form_notificar9f03.html]
[compihost.net/web/Rutinas/galeria/images/prettyPhoto/default/sprite.png]
[compihost.net/web/Rutinas/galeria/images/prettyPhoto/default/sprite_x.png]
[compihost.net/web/Rutinas/galeria/images/prettyPhoto/default/sprite_y.png]
[compihost.net/web/Rutinas/galeria/images/prettyPhoto/default/siguiente.png]
[compihost.net/web/Rutinas/galeria/images/prettyPhoto/default/anterior.png]
[compihost.net/web/Rutinas/galeria/images/prettyPhoto/default/default_thumb.png]
[compihost.net/web/Rutinas/galeria/images/prettyPhoto/default/loader.gif]
[compihost.net/web/Rutinas/galeria/images/prettyPhoto/light_rounded/sprite.png]
[compihost.net/web/Rutinas/galeria/images/prettyPhoto/light_rounded/btnNext.png]
[compihost.net/web/Rutinas/galeria/images/prettyPhoto/light_rounded/btnPrevious.png]
[compihost.net/web/Rutinas/galeria/images/prettyPhoto/dark_rounded/sprite.png]
[compihost.net/web/Rutinas/galeria/images/prettyPhoto/dark_rounded/contentPattern.png]
[compihost.net/web/Rutinas/galeria/images/prettyPhoto/dark_rounded/btnNext.png]
[compihost.net/web/Rutinas/galeria/images/prettyPhoto/dark_rounded/btnPrevious.png]
[compihost.net/web/Rutinas/galeria/images/prettyPhoto/dark_rounded/loader.gif]
[compihost.net/web/Rutinas/galeria/images/prettyPhoto/dark_square/loader.gif]
[compihost.net/web/Rutinas/galeria/images/prettyPhoto/dark_square/sprite.png]
[compihost.net/web/Rutinas/galeria/images/prettyPhoto/dark_square/btnNext.png]
[compihost.net/web/Rutinas/galeria/images/prettyPhoto/dark_square/btnPrevious.png]
[compihost.net/web/Rutinas/galeria/images/prettyPhoto/light_square/sprite.png]
[compihost.net/web/Rutinas/galeria/images/prettyPhoto/light_square/btnNext.png]
[compihost.net/web/Rutinas/galeria/images/prettyPhoto/light_square/btnPrevious.png]
[compihost.net/web/Rutinas/galeria/images/prettyPhoto/facebook/sprite.png]
[compihost.net/web/Rutinas/galeria/images/prettyPhoto/facebook/contentPatternTop.png]
[compihost.net/web/Rutinas/galeria/images/prettyPhoto/facebook/contentPatternLeft.png]
[compihost.net/web/Rutinas/galeria/images/prettyPhoto/facebook/contentPatternRight.png]
[compihost.net/web/Rutinas/galeria/images/prettyPhoto/facebook/loader.gif]
[compihost.net/web/Rutinas/galeria/images/prettyPhoto/facebook/btnNext.png]
[compihost.net/web/Rutinas/galeria/images/prettyPhoto/facebook/btnPrevious.png]
[compihost.net/web/Rutinas/galeria/images/prettyPhoto/facebook/contentPatternBottom.png]
[compihost.net/web/Rutinas/galeria/images/prettyPhoto/facebook/default_thumbnail.gif]
[compihost.net/web/Rutinas/galeria/images/prettyPhoto/light_rounded/loader.gif]
[compihost.net/web/Rutinas/galeria/css/prettyPhoto.css]
[compihost.net/web/plantillas/corminco.jpg]
[compihost.net/web/plantillas/tmp/tmp_corminco.jpg]
[compihost.net/web/plantillas/ivs.jpg]
[compihost.net/web/plantillas/tmp/tmp_ivs.jpg]
[compihost.net/web/plantillas/vallealto.jpg]
[compihost.net/web/plantillas/tmp/tmp_vallato.jpg]
[compihost.net/web/plantillas/carfieldperu.jpg]
[compihost.net/web/plantillas/tmp/tmp_carfieldperu.jpg]
[compihost.net/web/plantillas/ayn.jpg]
[compihost.net/web/plantillas/tmp/tmp_ayn.jpg]
[compihost.net/web/plantillas/paroffice.jpg]
[compihost.net/web/plantillas/tmp/tmp_paroffice.jpg]
[compihost.net/web/plantillas/illari.jpg]
[compihost.net/web/plantillas/tmp/tmp_illari.jpg]
[compihost.net/web/plantillas/casa-arteaga.jpg]
[compihost.net/web/plantillas/tmp/tmp_casa-arteaga.jpg]
[compihost.net/web/plantillas/virmon.jpg]
[compihost.net/web/plantillas/tmp/tmp_virmon.jpg]
[compihost.net/web/portafolio90ff.html]
[compihost.net/web/plantillas/worldcotton.jpg]
[compihost.net/web/plantillas/tmp/tmp_worldcotton.jpg]
[compihost.net/web/plantillas/lyc-inmobiliaria.jpg]
[compihost.net/web/plantillas/tmp/tmp_lyc-inmobiliaria.jpg]
[compihost.net/web/plantillas/reosouthamerica.jpg]
[compihost.net/web/plantillas/tmp/tmp_reosouthamerica.jpg]
[compihost.net/web/plantillas/infotec.jpg]
[compihost.net/web/plantillas/tmp/tmp_infotec.jpg]
[compihost.net/web/plantillas/compipro.jpg]
[compihost.net/web/plantillas/tmp/tmp_compipro.jpg]
[compihost.net/web/plantillas/duetseventos.jpg]
[compihost.net/web/plantillas/tmp/tmp_duetseventos.jpg]
[compihost.net/web/plantillas/calmet.jpg]
[compihost.net/web/plantillas/tmp/tmp_calmet.jpg]
[compihost.net/web/plantillas/nascar.jpg]
[compihost.net/web/plantillas/tmp/tmp_nascar.jpg]
[compihost.net/web/plantillas/gestion.jpg]
[compihost.net/web/plantillas/tmp/tmp_gestion.jpg]
[compihost.net/web/portafoliob84e.html]
[compihost.net/web/plantillas/yellow.jpg]
[compihost.net/web/plantillas/tmp/tmp_yellow.jpg]
[compihost.net/web/plantillas/proyektiva.jpg]
[compihost.net/web/plantillas/tmp/tmp_proyektiva.jpg]
[compihost.net/web/plantillas/chinatown.jpg]
[compihost.net/web/plantillas/tmp/tmp_chinatown.jpg]
[compihost.net/web/portafolio702d.html]
[compihost.net/web/pyme_01de52.html]
[compihost.net/web/img/fondorojo.png]
[compihost.net/web/tipo_web/MYPE-1_01.jpg]
[compihost.net/web/tipo_web/MYPE-1_02.jpg]
[compihost.net/web/tipo_web/MYPE-1_03.jpg]
[compihost.net/web/tipo_web/MYPE-1_04.jpg]
[compihost.net/web/img/formulario-1.gif]
[compihost.net/web/cotizar_codigo5d9a.html]
[compihost.net/web/videoe0f8.html]
[compihost.net/web/cotizar_codigo4df7.html]
[compihost.net/web/cotizar_codigoaaf0.html]
[compihost.net/web/cotizar_codigoe4e5.html]
[compihost.net/web/cotizar_codigoc22a.html]
[compihost.net/web/nhd_019bef.html]
[compihost.net/web/cotizar5601.html]
[compihost.net/web/nhd_029bef.html]
[compihost.net/web/cotizar12ff.html]
[compihost.net/web/nhd_039bef.html]
[compihost.net/web/cotizardda4.html]
[compihost.net/web/nhd_049bef.html]
[compihost.net/web/cotizarad7d.html]
[compihost.net/web/nhd_059bef.html]
[compihost.net/web/cotizar2885.html]
[compihost.net/web/nhd_069bef.html]
[compihost.net/web/cotizar3314.html]
[compihost.net/web/nhd_079bef.html]
[compihost.net/web/cotizarfa51.html]
[compihost.net/mails/images/s21.jpg]
[compihost.net/web/pyme_02de52.html]
[compihost.net/web/tipo_web/MYPE-2_01.jpg]
[compihost.net/web/tipo_web/MYPE-2_02.jpg]
[compihost.net/web/tipo_web/MYPE-2_03.jpg]
[compihost.net/web/tipo_web/MYPE-2_04.jpg]
[compihost.net/web/cotizar_codigo6ead.html]
[compihost.net/web/pyme_03de52.html]
[compihost.net/web/tipo_web/STANDARD-1_02.jpg]
[compihost.net/web/tipo_web/STANDARD-1_03.jpg]
[compihost.net/web/tipo_web/STANDARD-1_04.jpg]
[compihost.net/web/cotizar_codigoc05f.html]
[compihost.net/mails/images/s11.jpg]
[compihost.net/mails/images/s6.jpg]
[compihost.net/mails/images/s3.jpg]
[compihost.net/mails/images/s4.jpg]
[compihost.net/mails/images/s20.jpg]
[compihost.net/web/pyme_04de52.html]
[compihost.net/web/tipo_web/STANDARD-2_01.jpg]
[compihost.net/web/tipo_web/STANDARD-2_02.jpg]
[compihost.net/web/tipo_web/STANDARD-2_03.jpg]
[compihost.net/web/tipo_web/STANDARD-2_04.jpg]
[compihost.net/web/cotizar_codigo2ee9.html]
[compihost.net/mails/images/s12.jpg]
[compihost.net/web/nwp_05de52.html]
[compihost.net/web/tipo_web/PREMIER-1_01.jpg]
[compihost.net/web/tipo_web/PREMIER-1_02.jpg]
[compihost.net/web/tipo_web/PREMIER-1_03.jpg]
[compihost.net/web/tipo_web/PREMIER-1_04.jpg]
[compihost.net/web/cotizar_codigo5782.html]
[compihost.net/mails/images/s19.jpg]
[compihost.net/web/nwp_06de52.html]
[compihost.net/web/tipo_web/PREMIER-2_01.jpg]
[compihost.net/web/tipo_web/PREMIER-2_02.jpg]
[compihost.net/web/tipo_web/PREMIER-2_03.jpg]
[compihost.net/web/tipo_web/PREMIER-2_04.jpg]
[compihost.net/web/cotizar_codigobc67.html]
[compihost.net/web/images/cuadro_check.gif]
[compihost.net/web/images/outlookexpress00.gif]
[compihost.net/web/images/outlookexpress01.gif]
[compihost.net/web/images/outlookexpress02.gif]
[compihost.net/web/images/outlookexpress03.gif]
[compihost.net/web/images/outlookexpress04.gif]
[compihost.net/web/images/outlookexpress05.gif]
[compihost.net/web/images/outlookexpress06.gif]
[compihost.net/web/images/outlookexpress07.gif]
[compihost.net/web/images/outlookexpress08.gif]
[compihost.net/web/images/opciones_avanzadas.gif]
[compihost.net/web/images/arriba.gif]
[compihost.net/web/soporte_express.html]
[compihost.net/web/soporte_outlook_ 2003.html]
[compihost.net/web/soporte_outlook_ 2007.html]
[compihost.net/web/nuestra_tecnologia-2.html]
[compihost.net/web/preguntas_frecuentes-2.html]
[compihost.net/web/politicas_servicio-2.html]
[compihost.net/web/terminos_condiciones-2.html]
[compihost.net/web/web_hosting-2.html]
[compihost.net/soluciones/chat_compihost/styles/silver/images/topbg.gif]
[compihost.net/soluciones/chat_compihost/styles/silver/images/chatheaderbg.gif]
[compihost.net/soluciones/chat_compihost/styles/silver/images/bottombg.gif]
[compihost.net/soluciones/chat_compihost/styles/silver/images/chatheaderbgc.gif]
[compihost.net/soluciones/chat_compihost/styles/silver/images/chatheaderbgl.gif]
[compihost.net/soluciones/chat_compihost/styles/silver/images/chatheaderbgr.gif]
[compihost.net/soluciones/chat_compihost/styles/silver/images/buttons.gif]
[compihost.net/soluciones/chat_compihost/styles/silver/images/input_name.gif]
[compihost.net/soluciones/chat_compihost/styles/silver/images/chatbgl.gif]
[compihost.net/soluciones/chat_compihost/styles/silver/images/chatbgr.gif]
[compihost.net/soluciones/chat_compihost/styles/silver/images/sdwbgc.png]
[compihost.net/soluciones/chat_compihost/styles/silver/images/sdwbgl.png]
[compihost.net/soluciones/chat_compihost/styles/silver/images/sdwbgr.png]
[compihost.net/soluciones/chat_compihost/styles/silver/images/avatarbg.gif]
[compihost.net/soluciones/chat_compihost/styles/silver/images/avatar.jpg]
[compihost.net/soluciones/chat_compihost/styles/silver/images/message.png]
[compihost.net/soluciones/chat_compihost/styles/silver/images/submit.gif]
[compihost.net/soluciones/chat_compihost/styles/silver/images/logobg.gif]
[compihost.net/soluciones/chat_compihost/styles/silver/images/wndb.gif]
[compihost.net/soluciones/chat_compihost/styles/silver/images/wndt.gif]
[compihost.net/soluciones/chat_compihost/styles/silver/images/wndtl.gif]
[compihost.net/soluciones/chat_compihost/styles/silver/images/wndtr.gif]
[compihost.net/soluciones/chat_compihost/styles/silver/images/wndbl.gif]
[compihost.net/soluciones/chat_compihost/styles/silver/images/wndbr.gif]
[compihost.net/soluciones/chat_compihost/styles/silver/images/content.gif]
[compihost.net/soluciones/chat_compihost/styles/silver/images/list.gif]
[compihost.net/soluciones/chat_compihost/styles/silver/chat.css]
[compihost.net/soluciones/chat_compihost/http_/compihost.net/web/index.html]
[compihost.net/web/css/diapo/images/demo/list-check-green.html]
[compihost.net/web/css/diapo/images/demo/list-error.html]
[compihost.net/web/portafolio3977.html]
[compihost.net/js/jquery.html]
[compihost.net/js/functions.html]
[compihost.net/js/ghostText.html]
[compihost.net/js/growingTextArea.html]
[compihost.net/js/val_cotizar.html]
[compihost.net/web/cotizar_codigoc410.html]
[compihost.net/web/cotizar_codigo049b.html]
[compihost.net/web/cotizar_codigobca1.html]
[compihost.net/web/cotizar_codigo6744.html]
[compihost.net/web/cotizar_codigo10e1.html]
[compihost.net/web/cotizar_codigo3aad.html]
[compihost.net/web/style.html]
