[backblue.gif]
[fade.gif]
[index.html]
[klif.kwst.net/css/style.css]
[klif.kwst.net/img/favicon.ico]
[ajax.googleapis.com/ajax/libs/jquery/1.9.1/jquery.min.js]
[klif.kwst.net/site/static/index.html]
[klif.kwst.net/img/2.png]
[klif.kwst.net/site/slideshow/index.html]
[klif.kwst.net/img/1.png]
[klif.kwst.net/site/video/index.html]
[klif.kwst.net/img/3.png]
[klif.kwst.net/img/logo.png]
[klif.kwst.net/index.html]
[klif.kwst.net/css/reset.css]
[klif.kwst.net/img/bg.jpg]
[klif.kwst.net/css/style.css]
[klif.kwst.net/js/init.js]
[klif.kwst.net/site/static/css/idangerous.swiper.css]
[klif.kwst.net/site/static/css/font-awesome.min.css]
[klif.kwst.net/site/static/css/style.css]
[klif.kwst.net/site/static/img/favicon.ico]
[klif.kwst.net/site/static/img/bg.jpg]
[klif.kwst.net/site/static/img/logo.png]
[klif.kwst.net/site/static/js/jpreloader.min.js]
[klif.kwst.net/site/static/js/easing.js]
[klif.kwst.net/site/static/js/idangerous.swiper-2.0.min.js]
[klif.kwst.net/site/static/js/county.js]
[klif.kwst.net/site/static/js/jquery.knob.js]
[klif.kwst.net/site/static/index.html]
[klif.kwst.net/site/static/js/init.js]
[klif.kwst.net/site/slideshow/css/idangerous.swiper.css]
[klif.kwst.net/site/slideshow/css/font-awesome.min.css]
[klif.kwst.net/site/slideshow/css/style.css]
[klif.kwst.net/site/slideshow/img/favicon.ico]
[klif.kwst.net/site/slideshow/img/2.jpg]
[klif.kwst.net/site/slideshow/img/3.jpg]
[klif.kwst.net/site/slideshow/img/1.jpg]
[klif.kwst.net/site/slideshow/img/logo.png]
[klif.kwst.net/site/slideshow/js/jpreloader.min.js]
[klif.kwst.net/site/slideshow/js/easing.js]
[klif.kwst.net/site/slideshow/js/idangerous.swiper-2.0.min.js]
[klif.kwst.net/site/slideshow/js/superslides.js]
[klif.kwst.net/site/slideshow/js/county.js]
[klif.kwst.net/site/slideshow/js/jquery.knob.js]
[klif.kwst.net/site/slideshow/index.html]
[klif.kwst.net/site/slideshow/js/init.js]
[klif.kwst.net/site/video/css/style.css]
[klif.kwst.net/site/video/img/favicon.ico]
[klif.kwst.net/site/video/img/bg.jpg]
[klif.kwst.net/site/video/img/logo.png]
[klif.kwst.net/site/video/js/jpreloader.min.js]
[klif.kwst.net/site/video/js/easing.js]
[klif.kwst.net/site/video/js/idangerous.swiper-2.0.min.js]
[klif.kwst.net/site/video/js/county.js]
[klif.kwst.net/site/video/js/jquery.knob.js]
[klif.kwst.net/site/video/js/init.js]
[klif.kwst.net/site/video/js/okvideo.js]
[klif.kwst.net/site/video/index.html]
[klif.kwst.net/site/static/css/reset.css]
[klif.kwst.net/site/static/css/idangerous.swiper.css]
[klif.kwst.net/site/static/css/font-awesome.min.css]
[klif.kwst.net/site/static/img/overlays/01.png]
[klif.kwst.net/site/static/img/overlays/01@2x.png]
[klif.kwst.net/site/static/css/style.css]
[klif.kwst.net/site/static/js/jpreloader.min.js]
[klif.kwst.net/site/static/js/easing.js]
[klif.kwst.net/site/static/js/idangerous.swiper-2.0.min.js]
[klif.kwst.net/site/static/js/superslides.html]
[klif.kwst.net/site/static/js/county.js]
[klif.kwst.net/site/static/js/jquery.knob.js]
[klif.kwst.net/site/static/js/init.js]
[klif.kwst.net/site/slideshow/css/reset.css]
[klif.kwst.net/site/slideshow/css/idangerous.swiper.css]
[klif.kwst.net/site/slideshow/css/superslides.css]
[klif.kwst.net/site/slideshow/css/font-awesome.min.css]
[klif.kwst.net/site/slideshow/img/overlays/01.png]
[klif.kwst.net/site/slideshow/img/overlays/01@2x.png]
[klif.kwst.net/site/slideshow/css/style.css]
[klif.kwst.net/site/slideshow/js/jpreloader.min.js]
[klif.kwst.net/site/slideshow/js/easing.js]
[klif.kwst.net/site/slideshow/js/idangerous.swiper-2.0.min.js]
[klif.kwst.net/site/slideshow/js/superslides.js]
[klif.kwst.net/site/slideshow/js/county.js]
[klif.kwst.net/site/slideshow/js/jquery.knob.js]
[klif.kwst.net/site/slideshow/js/init.js]
[klif.kwst.net/site/video/css/reset.css]
[klif.kwst.net/site/video/css/idangerous.swiper.css]
[klif.kwst.net/site/video/img/overlays/01.png]
[klif.kwst.net/site/video/css/font-awesome.min.css]
[klif.kwst.net/site/video/img/overlays/01@2x.png]
[klif.kwst.net/site/video/css/style.css]
[klif.kwst.net/site/video/js/jpreloader.min.js]
[klif.kwst.net/site/video/js/easing.js]
[klif.kwst.net/site/video/js/idangerous.swiper-2.0.min.js]
[klif.kwst.net/site/video/js/superslides.html]
[klif.kwst.net/site/video/js/county.js]
[klif.kwst.net/site/video/js/jquery.knob.js]
[klif.kwst.net/site/video/js/init.js]
[a.vimeocdn.com/js/froogaloop2.min.js]
[klif.kwst.net/site/video/js/okvideo.js]
[klif.kwst.net/site/video/js/initplayer.js]
[klif.kwst.net/site/static/fonts/fontawesome-webfontba72.html]
[klif.kwst.net/site/static/fonts/fontawesome-webfontd41d.html]
[klif.kwst.net/site/static/fonts/fontawesome-webfontba72-2.html]
[klif.kwst.net/site/static/fonts/fontawesome-webfontba72-3.html]
[klif.kwst.net/site/static/fonts/fontawesome-webfontba72-4.html]
[klif.kwst.net/site/static/php/contact_me.html]
[klif.kwst.net/site/slideshow/fonts/fontawesome-webfontba72.html]
[klif.kwst.net/site/slideshow/fonts/fontawesome-webfontd41d.html]
[klif.kwst.net/site/slideshow/fonts/fontawesome-webfontba72-2.html]
[klif.kwst.net/site/slideshow/fonts/fontawesome-webfontba72-3.html]
[klif.kwst.net/site/slideshow/fonts/fontawesome-webfontba72-4.html]
[klif.kwst.net/site/slideshow/php/contact_me.html]
[klif.kwst.net/site/video/css/idangerous.swiper.css]
[klif.kwst.net/site/video/css/font-awesome.min.css]
[klif.kwst.net/site/video/php/contact_me.html]
[klif.kwst.net/index-2.html]
[klif.kwst.net/site/video/fonts/fontawesome-webfontba72.html]
[klif.kwst.net/site/video/fonts/fontawesome-webfontd41d.html]
[klif.kwst.net/site/video/fonts/fontawesome-webfontba72-2.html]
[klif.kwst.net/site/video/fonts/fontawesome-webfontba72-3.html]
[klif.kwst.net/site/video/fonts/fontawesome-webfontba72-4.html]
